// Jest Snapshot v1, https://goo.gl/fbAQLP

exports[`Text Component should render correctly "leading" variants: leading-1.3 1`] = `"font-roboto text-primary-900 text-base leading-1.3 font-normal"`;

exports[`Text Component should render correctly "leading" variants: leading-1.6 1`] = `"font-roboto text-primary-900 text-base leading-1.6 font-normal"`;

exports[`Text Component should render correctly "size" variants: size-2xl 1`] = `"font-roboto text-primary-900 text-2xl leading-1.3 font-normal"`;

exports[`Text Component should render correctly "size" variants: size-md 1`] = `"font-roboto text-primary-900 text-base leading-1.3 font-normal"`;

exports[`Text Component should render correctly "size" variants: size-xs 1`] = `"font-roboto text-primary-900 text-xs leading-1.3 font-normal"`;

exports[`Text Component should render correctly "weight" variants: weight-bold 1`] = `"font-roboto text-primary-900 text-base leading-1.3 font-bold"`;

exports[`Text Component should render correctly "weight" variants: weight-medium 1`] = `"font-roboto text-primary-900 text-base leading-1.3 font-medium"`;

exports[`Text Component should render correctly "weight" variants: weight-regular 1`] = `"font-roboto text-primary-900 text-base leading-1.3 font-normal"`;
